Message: 1101aa 2025
Message: 170cf4 2025
Message: 170cf4 2026
Message: 170cf4 2029
Message: 4b0cb4 2025
Message: 4b0cb4 2026
Message: 4b0cb4 2029
Message: df061c 2025
Message: df061c 2026
Message: df061c 2029
Message: 410e76 2025
Message: 410e76 2026
Message: 410e76 2029
Message: 430e70 2025
Message: 430e70 2026
Message: 430e70 2029
Message: 60c86 2025
Message: 60c86 2026
Message: 60c86 2029
Message: 70cae 2025
Message: 70cae 2026
Message: 70cae 2029
Message: 4501c8 2025
Message: 4501c8 2026
Message: 4501c8 2029
Message: 210da6 2025
Message: 210da6 2026
Message: 210da6 2029
Message: 160d18 2025
Message: 160d18 2026
Message: 160d18 2029
Message: 160c60 2025
Message: 160c60 2026
Message: 160c60 2029
Message: 120622 2025
Message: 120622 2026
Message: 120622 2029
Message: 150c5c 2025
Message: 150c5c 2026
Message: 150c5c 2029
Message: 1290ab0 2025
Message: 1290ab0 2026
Message: 1290ab0 2029
Message: 200e7e 2025
Message: 200e7e 2029
Message: 200e7e 2026
Message: 2505e8 2025
Message: e0458 2025
Message: e0458 2029
Message: e0458 2026
Message: ec06e4 2025
Message: ec06e4 2029
Message: ec06e4 2026
Message: 4103fe 2025
Message: f0ebe 2025
Message: f0ebe 2026
Message: f0ebe 2029
Message: 35038c 2025
Message: 35038c 2026
Message: 35038c 2029
Message: 80a8e 2025
Message: 80a8e 2026
Message: 80a8e 2029
Message: c0352 2025
Message: c0352 2026
Message: c0352 2029
Message: 120c38 2025
Message: 120c38 2026
Message: 120c38 2029
Message: 90e20 2025
Message: 90e20 2026
Message: 90e20 2029
Message: 1305e2 2025
Message: 1305e2 2026
Message: 1305e2 2029
Message: 110b66 2025
Message: 110b66 2026
Message: 110b66 2029
Message: 4c0d80 2025
Message: 4c0d80 2026
Message: 4c0d80 2029
Message: b0716 2025
Message: b0716 2026
Message: b0716 2029
Message: a0638 2025
Message: a0638 2026
Message: a0638 2029
Message: a0652 2025
Message: a0652 2026
Message: a0652 2029
Message: 80a7a 2025
Message: 80a7a 2026
Message: 80a7a 2029
Message: a0616 2025
Message: a0616 2026
Message: a0616 2029
Message: b077e 2025
Message: b077e 2026
Message: b077e 2029
Message: 110a76 799
Message: 1101aa 799
Message: 1101aa 2029
Message: 1101aa 2026
Message: 1101aa 2027
Message: 1101aa 49320
Message: 1101aa 2026
Message: 1101aa 2029
Message: 4d027a 5
Message: 6d0f92 5
Message: 1a0608 5
Message: 1308a8 5
Message: 2f0cdc 5
Message: d083a 5
Message: 1f0b5e 5
Message: a0c50 5
Message: 200e7e 799
Message: 2505e8 799
Message: e0458 799
Message: c0ccc 5
Message: ec06e4 799
Message: e087c 5
Message: 4f07c8 5
Message: 3a0dca 5
Message: 4103fe 799
Message: 160cda 5
Message: 100ac8 5
Message: 1a0d26 5
Message: 90c2a 5
Message: c032a 5
Message: 340bc0 5
Message: a0fca 5
Message: a07ae 5
Message: 120bc4 5
Message: 230836 5
Message: 1203c0 5
Message: 2b0b3a 5
Message: 110a76 2036
Message: 4b0cb4 512
Message: 1101aa 15
Message: 170cf4 15
Message: 5111c 15
Message: 4b0cb4 512
Message: 510b6 15
Message: 410c4 15
Message: 51144 15
Message: 41128 15
Message: 410fc 15
Message: e0daa 15
Message: 90eba 15
Message: 220d90 15
Message: f114a 15
Message: 13114c 15
Message: 3e0796 15
Message: df061c 15
Message: 8406be 15
Message: 4b0cb4 15
Message: 0 275
Message: 0 275
Message: 110322 275
Message: 1101aa 512
Message: 3e0796 512
Message: 3e0796 15
Message: 3e0796 512
Message: 3e0796 512
Message: 3e0796 512
Message: 3e0796 512
Message: 3e0796 512
Message: 3e0796 512
Message: 3e0796 275
Message: 3e0796 512
Message: 3e0796 512
Message: 3e0796 512
Message: 3e0796 512
Message: 3e0796 275
Message: 3e0796 512
Message: 3e0796 512
Message: 3e0796 512
Message: 3e0796 512
Message: 3e0796 512
Message: 3e0796 512
Message: 3e0796 275
Message: 1101aa 512
Message: 3e0796 675
Message: 3e0796 15
Message: 1101aa 512
Message: 1101aa 512
Message: 1101aa 512
Message: 1101aa 512
Message: 1101aa 512
Message: 0 275
Message: 1101aa 512
Message: 3e0796 275
Message: 1101aa 512
Message: 1101aa 512
Message: 1101aa 512
Message: 1101aa 512
Message: 1101aa 512
Message: 1101aa 512
Message: 1101aa 512
Message: 3e0796 275
Message: 1101aa 512
Message: 1101aa 512
Message: 1101aa 160
Message: 1101aa 160
Message: 1101aa 160
Message: 1101aa 160
Message: 1101aa 160
Message: 1101aa 160
Message: 3e0796 275
Message: 1101aa 160
Message: 1101aa 160
Message: 1101aa 160
Message: 3e0796 275
Message: 1101aa 160
Message: 1101aa 160
Message: 1101aa 161
Message: 1101aa 273
Message: 3e0796 512
Message: 3e0796 15
Message: 90a7a 2025
Message: 90a7a 2026
Message: 90a7a 2029
Message: a072e 2025
Message: a072e 2026
Message: a072e 2029
Message: 1303c0 2025
Message: 1303c0 2026
Message: 1303c0 2029
Message: 100b7e 2025
Message: 100b7e 2026
Message: 100b7e 2029
Message: 110a76 2036
Message: 1f091e 5
Message: 1c0b1e 5
Message: 4b0cb4 512
Message: 4b0cb4 514
Message: 4b0cb4 512
Message: 1101aa 15
Message: 170cf4 15
Message: df061c 15
Message: 8406be 15
Message: 4b0cb4 15
Message: 410c4 275
Message: 51144 275
Message: e0daa 275
Message: 4b0cb4 512
Message: 4b0cb4 512
Message: 410c4 275
Message: 51144 275
Message: e0daa 275
Message: 4b0cb4 512
Message: 4b0cb4 512
Message: 4b0cb4 512
Message: 4b0cb4 512
Message: 4b0cb4 512
Message: 4b0cb4 512
Message: 4b0cb4 512
Message: 4b0cb4 512
Message: 410c4 275
Message: 51144 275
Message: e0daa 275
Message: 4b0cb4 512
Message: 110322 275
Message: 4b0cb4 512
Message: 4b0cb4 512
Message: 4b0cb4 512
Message: 4b0cb4 512
Message: 4b0cb4 512
Message: df061c 512
Message: 410c4 275
Message: 51144 275
Message: e0daa 275
Message: df061c 512
Message: df061c 512
Message: df061c 512
Message: df061c 512
Message: df061c 512
Message: df061c 512
Message: df061c 512
Message: df061c 512
Message: 410c4 275
Message: 51144 275
Message: e0daa 275
Message: df061c 512
Message: df061c 512
Message: df061c 512
Message: df061c 512
Message: 410c4 275
Message: 51144 275
Message: e0daa 275
Message: 0 275
Message: df061c 512
Message: df061c 512
Message: df061c 512
Message: df061c 512
Message: df061c 512
Message: df061c 512
Message: 4b0cb4 512
Message: 4b0cb4 512
Message: 4b0cb4 512
Message: 4b0cb4 512
Message: df061c 512
Message: df061c 512
Message: 1101aa 512
Message: f114a 512
Message: f114a 15
Message: f114a 512
Message: 1101aa 512
Message: f114a 675
Message: f114a 15
Message: 1101aa 512
Message: 1101aa 512
Message: 1101aa 512
Message: 13114c 512
Message: 13114c 15
Message: 13114c 512
Message: 13114c 512
Message: 13114c 512
Message: f114a 275
Message: 13114c 512
Message: 13114c 512
Message: 13114c 512
Message: 13114c 512
Message: 13114c 275
Message: 13114c 512
Message: 13114c 512
Message: 13114c 512
Message: 13114c 512
Message: f114a 275
Message: 13114c 512
Message: 13114c 512
Message: 13114c 512
Message: 13114c 275
Message: 13114c 512
Message: 13114c 512
Message: 13114c 512
Message: 13114c 512
Message: f114a 275
Message: 13114c 512
Message: 13114c 512
Message: 13114c 512
Message: 13114c 512
Message: 13114c 275
Message: 13114c 512
Message: 13114c 512
Message: 13114c 512
Message: 13114c 512
Message: f114a 275
Message: 13114c 512
Message: 13114c 512
Message: 1101aa 512
Message: 13114c 675
Message: 13114c 15
Message: 1101aa 512
Message: f114a 512
Message: f114a 15
Message: f114a 512
Message: f114a 512
Message: f114a 512
Message: f114a 512
Message: f114a 512
Message: 13114c 275
Message: f114a 512
Message: 1101aa 512
Message: f114a 675
Message: f114a 15
Message: 1101aa 512
Message: 220d90 512
Message: 220d90 15
Message: 220d90 512
Message: 220d90 512
Message: 220d90 512
Message: 220d90 512
Message: f114a 275
Message: 13114c 275
Message: 220d90 512
Message: 220d90 512
Message: 220d90 275
Message: 220d90 512
Message: 220d90 512
Message: 220d90 512
Message: 220d90 512
Message: f114a 275
Message: 13114c 275
Message: 220d90 512
Message: 220d90 275
Message: 220d90 512
Message: 220d90 512
Message: 1101aa 512
Message: 220d90 675
Message: 220d90 15
Message: 1101aa 512
Message: 1101aa 512
Message: 1101aa 512
Message: f114a 275
Message: 13114c 275
Message: 220d90 275
Message: 90eba 512
Message: 90eba 15
Message: 90eba 512
Message: 90eba 512
Message: f114a 275
Message: 90eba 512
Message: 90eba 512
Message: 90eba 512
Message: 90eba 512
Message: 90eba 275
Message: 220d90 275
Message: 90eba 512
Message: 90eba 512
Message: 90eba 512
Message: 90eba 512
Message: 90eba 512
Message: 90eba 275
Message: 220d90 275
Message: 90eba 512
Message: 90eba 512
Message: 90eba 512
Message: 90eba 512
Message: 90eba 512
Message: 90eba 275
Message: 220d90 275
Message: 90eba 512
Message: 90eba 512
Message: 90eba 512
Message: 90eba 275
Message: 90eba 512
Message: 0 275
Message: 90eba 513
Message: 90eba 15
Message: 90eba 275
Message: 90eba 514
Message: 1101aa 2031
Message: 90eba 512
Message: 90eba 15
Message: 90eba 512
Message: 1101aa 15
Message: 170cf4 15
Message: 90eba 15
Message: 70cae 15
Message: f0f34 15
Message: c1061e 15
Message: 3d05ec 15
Message: 230c42 15
Message: 290a0e 15
Message: 240a88 15
Message: 2d0686 15
Message: f0a74 15
Message: 70c6c 15
Message: 70c98 15
Message: 70c6a 15
Message: 80cb0 15
Message: 90eba 275
Message: 90eba 275
Message: 90eba 512
Message: 90eba 512
Message: 90eba 512
Message: 90eba 512
Message: 90eba 512
Message: 90eba 512
Message: 90eba 512
Message: 90eba 512
Message: 90eba 275
Message: 90eba 512
Message: 90eba 512
Message: 90eba 512
Message: 90eba 512
Message: 90eba 512
Message: 90eba 512
Message: 90eba 512
Message: 90eba 275
Message: 90eba 512
Message: 90eba 512
Message: 1101aa 512
Message: 90eba 675
Message: 90eba 15
Message: 220d90 512
Message: 220d90 15
Message: 220d90 512
Message: 220d90 512
Message: 220d90 512
Message: 1101aa 512
Message: 220d90 675
Message: 220d90 15
Message: 110322 275
Message: 1101aa 512
Message: 1101aa 512
Message: 90eba 275
Message: 70cae 512
Message: 70cae 512
Message: 70cae 512
Message: 70cae 512
Message: 220d90 275
Message: 70cae 512
Message: 70cae 512
Message: 70cae 512
Message: 70cae 512
Message: 90eba 275
Message: 70cae 512
Message: 70cae 512
Message: 70cae 512
Message: 70cae 512
Message: 220d90 275
Message: 70cae 512
Message: 90eba 275
Message: 70cae 512
Message: 70cae 512
Message: 70cae 512
Message: 70cae 512
Message: 220d90 275
Message: 70cae 512
Message: 90eba 275
Message: 220d90 275
Message: c1061e 512
Message: c1061e 15
Message: c1061e 512
Message: c1061e 512
Message: c1061e 512
Message: c1061e 512
Message: c1061e 275
Message: c1061e 512
Message: c1061e 275
Message: c1061e 275
Message: c1061e 275
Message: 0 275
Message: 0 275
Message: c1061e 513
Message: c1061e 512
Message: c1061e 514
Message: 4d027a 512
Message: c1061e 675
Message: 90eba 15
Message: c1061e 275
Message: 110322 275
Message: 4d027a 512
Message: 4d027a 512
Message: 4d027a 512
Message: 4d027a 512
Message: 4d027a 512
Message: 4d027a 512
Message: 4d027a 512
Message: 4d027a 512
Message: 4d027a 512
Message: 4d027a 512
Message: 4d027a 512
Message: 4d027a 512
Message: 4d027a 512
Message: 4d027a 512
Message: 4d027a 512
Message: 4d027a 512
Message: 4d027a 512
Message: 4d027a 512
Message: 4d027a 512
Message: 4d027a 512
Message: 4d027a 512
Message: 4d027a 512
Message: 4d027a 512
Message: 4d027a 512
Message: 4d027a 512
Message: 0 275
Message: 4d027a 513
Message: 4d027a 512
Message: 4d027a 514
Message: 70cae 2031
Message: 70cae 512
Message: 4d027a 675
Message: 230c42 15
Message: 2d0686 15
Message: c1061e 275
Message: 70c6a 275
Message: c1061e 275
Message: 70c6a 275
Message: c1061e 275
Message: 70c6a 275
Message: 0 275
Message: c1061e 275
Message: 70c6a 275
Message: 70c6a 275
Message: 70c6a 275
Message: 70cae 512
Message: 70cae 512
Message: 70cae 512
Message: 70cae 512
Message: 70cae 512
Message: 70cae 512
Message: 70cae 512
Message: 70cae 512
Message: 70cae 512
Message: 70cae 512
Message: 70cae 512
Message: 70cae 512
Message: 70cae 512
Message: 70cae 512
Message: 70cae 512
Message: 70cae 512
Message: 0 275
Message: 70cae 512
Message: 70cae 512
Message: 70cae 512
Message: 70cae 512
Message: 70cae 512
Message: 70cae 512
Message: 70cae 512
Message: 70cae 512
Message: 70cae 512
Message: 70cae 512
Message: 70cae 512
Message: 70cae 512
Message: 70cae 512
Message: 70cae 512
Message: c1061e 512
Message: c1061e 15
Message: c1061e 512
Message: c1061e 512
Message: c1061e 275
Message: c1061e 512
Message: c1061e 512
Message: c1061e 275
Message: c1061e 275
Message: c1061e 513
Message: c1061e 512
Message: c1061e 514
Message: 4d027a 512
Message: c1061e 675
Message: 4d027a 512
Message: c1061e 275
Message: 4d027a 512
Message: 4d027a 512
Message: 0 275
Message: 4d027a 512
Message: 4d027a 512
Message: 4d027a 512
Message: 4d027a 512
Message: 4d027a 512
Message: 4d027a 512
Message: 4d027a 512
Message: 4d027a 512
Message: 4d027a 512
Message: 4d027a 512
Message: 4d027a 512
Message: 4d027a 512
Message: 4d027a 512
Message: 4d027a 512
Message: 4d027a 512
Message: 4d027a 512
Message: 4d027a 512
Message: 4d027a 512
Message: 4d027a 512
Message: 4d027a 512
Message: 4d027a 512
Message: 4d027a 512
Message: 4d027a 512
Message: 4d027a 512
Message: 4d027a 512
Message: 4d027a 512
Message: 4d027a 512
Message: 4d027a 512
Message: 4d027a 513
Message: 70c6a 512
Message: 4d027a 675
Message: 70c6a 15
Message: 70c6a 275
Message: c1061e 275
Message: 70c6a 514
Message: 70c6a 275
Message: c1061e 275
Message: 70c6a 275
Message: c1061e 275
Message: 70c6a 512
Message: 70c6a 512
Message: 70c6a 512
Message: 70c6a 512
Message: 70c6a 512
Message: 70c6a 512
Message: 70c6a 512
Message: 70c6a 512
Message: 70c6a 275
Message: c1061e 275
Message: 70c6a 512
Message: 70c6a 512
Message: 70c6a 512
Message: 70c6a 512
Message: 70c6a 512
Message: 70c6a 513
Message: c1061e 15
Message: 70c6a 15
Message: 70c6a 514
Message: 70cae 2031
Message: 70c6a 15
Message: 70cae 512
Message: 70cae 512
Message: 70cae 512
Message: 70cae 512
Message: 70cae 512
Message: 70cae 512
Message: 70cae 512
Message: 70cae 512
Message: 70cae 512
Message: 70cae 512
Message: 110322 275
Message: 70cae 512
Message: 70cae 512
Message: 70cae 512
Message: 70cae 512
Message: 70cae 512
Message: 70cae 512
Message: 70cae 512
Message: 70cae 512
Message: 70cae 512
Message: 70cae 512
Message: 70cae 512
Message: 70cae 512
Message: 70cae 512
Message: 70cae 512
Message: 70cae 512
Message: 70cae 512
Message: 70cae 512
Message: 70cae 512
Message: 0 275
Message: 70cae 512
Message: 70cae 512
Message: 70cae 512
Message: 70cae 512
Message: 70cae 512
Message: 70cae 512
Message: 70cae 512
Message: 70cae 512
Message: 70cae 512
Message: 70cae 512
Message: 70cae 512
Message: 70cae 512
Message: 70cae 512
Message: 70cae 512
Message: 70cae 512
Message: c1061e 512
Message: c1061e 15
Message: c1061e 512
Message: c1061e 15
Message: c1061e 512
Message: c1061e 512
Message: c1061e 512
Message: c1061e 512
Message: c1061e 512
Message: c1061e 275
Message: c1061e 275
Message: c1061e 512
Message: c1061e 512
Message: c1061e 512
Message: c1061e 512
Message: c1061e 512
Message: c1061e 275
Message: c1061e 275
Message: c1061e 512
Message: c1061e 512
Message: c1061e 512
Message: c1061e 512
Message: c1061e 512
Message: c1061e 513
Message: c1061e 512
Message: c1061e 514
Message: 4d027a 512
Message: c1061e 675
Message: 70c6a 15
Message: c1061e 275
Message: 110322 275
Message: 4d027a 512
Message: 0 275
Message: 0 275
Message: 4d027a 512
Message: 4d027a 512
Message: 4d027a 512
Message: 4d027a 512
Message: 4d027a 512
Message: 4d027a 512
Message: 4d027a 512
Message: 4d027a 512
Message: 4d027a 512
Message: 4d027a 512
Message: 4d027a 512
Message: 4d027a 512
Message: 4d027a 512
Message: 4d027a 512
Message: 4d027a 512
Message: 4d027a 512
Message: 4d027a 512
Message: 4d027a 512
Message: 4d027a 512
Message: 4d027a 512
Message: 4d027a 512
Message: 4d027a 512
Message: 4d027a 512
Message: 4d027a 512
Message: 4d027a 512
Message: 4d027a 512
Message: 4d027a 512
Message: 4d027a 512
Message: 4d027a 512
Message: 4d027a 513
Message: 4d027a 512
Message: 4d027a 512
Message: 4d027a 512
Message: 4d027a 512
Message: 4d027a 512
Message: 4d027a 512
Message: 4d027a 512
Message: 4d027a 512
Message: 4d027a 512
Message: 4d027a 275
Message: 4d027a 514
Message: 70cae 2031
Message: 70cae 512
Message: 4d027a 675
Message: 230c42 15
Message: 2d0686 15
Message: c1061e 275
Message: c1061e 275
Message: 70cae 512
Message: 70cae 512
Message: c1061e 275
Message: 70cae 512
Message: 70cae 512
Message: c1061e 275
Message: 70cae 512
Message: 70cae 512
Message: 70cae 512
Message: 70cae 512
Message: 70cae 512
Message: 70cae 512
Message: 70cae 512
Message: 70cae 512
Message: 70cae 512
Message: 70cae 512
Message: 70cae 512
Message: 70cae 512
Message: 70cae 512
Message: 70cae 512
Message: 70cae 512
Message: 70cae 512
Message: 70cae 512
Message: 70cae 512
Message: 70cae 512
Message: 70cae 512
Message: 70cae 512
Message: 70cae 512
Message: 70cae 512
Message: 70cae 512
Message: 70cae 512
Message: 70cae 512
Message: 70cae 512
Message: 70cae 512
Message: 70cae 512
Message: 70cae 512
Message: 70cae 512
Message: 70cae 512
Message: 70cae 512
Message: 70cae 512
Message: 70cae 512
Message: 70cae 512
Message: 70cae 512
Message: 70cae 512
Message: 70cae 512
Message: 70cae 512
Message: 70cae 512
Message: 70cae 512
Message: 70cae 512
Message: 70cae 512
Message: 70cae 512
Message: 70cae 512
Message: 70cae 512
Message: 70cae 512
Message: 70cae 512
Message: 70cae 512
Message: 70cae 512
Message: 70cae 512
Message: 70cae 512
Message: 70c6a 512
Message: 70c6a 15
Message: 70c6a 512
Message: 70c6a 512
Message: 0 275
Message: 70c6a 512
Message: 70c6a 512
Message: 70c6a 512
Message: 70c6a 512
Message: 70c6a 275
Message: 70c6a 275
Message: 70c6a 513
Message: c1061e 15
Message: 70c6a 15
Message: 70c6a 275
Message: 70c6a 512
Message: 70c6a 514
Message: 70cae 2031
Message: 70cae 512
Message: 70c6a 15
Message: 70cae 512
Message: 70cae 512
Message: 70cae 512
Message: 70cae 512
Message: 70cae 512
Message: 70cae 512
Message: 70cae 512
Message: 70cae 512
Message: 70cae 512
Message: 70cae 512
Message: 70cae 512
Message: 70cae 512
Message: 70cae 512
Message: 70cae 512
Message: 70cae 512
Message: 70cae 512
Message: 70cae 512
Message: 70cae 512
Message: 70cae 512
Message: 70cae 512
Message: 110322 275
Message: 70cae 512
Message: 70cae 512
Message: 70cae 512
Message: 70cae 512
Message: 70cae 512
Message: 70cae 512
Message: 70cae 512
Message: 0 275
Message: 0 275
Message: 70cae 512
Message: 70cae 512
Message: 70cae 512
Message: 70cae 512
Message: 70cae 512
Message: 70cae 512
Message: 70cae 512
Message: 70cae 512
Message: 70cae 512
Message: 70cae 512
Message: 70cae 512
Message: 70cae 512
Message: 70cae 512
Message: 70cae 512
Message: 70cae 512
Message: 70cae 512
Message: 70cae 512
Message: 70cae 512
Message: 70cae 512
Message: 70cae 512
Message: 70cae 512
Message: 70cae 512
Message: 70cae 512
Message: 70cae 512
Message: 70cae 512
Message: 1101aa 512
Message: 1101aa 512
Message: 1101aa 512
Message: 1101aa 512
Message: 1101aa 512
Message: 1101aa 512
Message: 1101aa 512
Message: 1101aa 512
Message: 1101aa 512
Message: 1101aa 512
Message: 1101aa 512
Message: 1101aa 512
Message: 1101aa 512
Message: 1101aa 512
Message: 5111c 512
Message: 5111c 15
Message: 5111c 512
Message: 5111c 512
Message: 5111c 512
Message: 5111c 512
Message: 5111c 512
Message: 5111c 512
Message: 5111c 275
Message: 5111c 512
Message: 5111c 512
Message: 5111c 512
Message: 5111c 513
Message: 5111c 15
Message: 70c6a 15
Message: 5111c 275
Message: 5111c 514
Message: 1101aa 2031
Message: 5111c 512
Message: 5111c 15
Message: 5111c 512
Message: 1101aa 15
Message: 170cf4 15
Message: 5111c 15
Message: 340cf0 15
Message: 4c0d80 15
Message: b079c 15
Message: a062c 15
Message: 1c0b58 15
Message: 1f09e4 15
Message: 6109a0 15
Message: 81038e 15
Message: 1c0d04 15
Message: a0618 15
Message: 3301ca 15
Message: 80a2e 15
Message: 80a30 15
Message: 809ba 15
Message: 130926 15
Message: 80a22 15
Message: 909b2 15
Message: 80a36 15
Message: 809e0 15
Message: 80cd2 15
Message: a0c82 15
Message: 80a2a 15
Message: 80a28 15
Message: 80a92 15
Message: 250644 15
Message: 80a40 15
Message: 39091c 15
Message: 170bb0 15
Message: 100b78 15
Message: e0074 15
Message: 230cee 15
Message: 150c10 15
Message: 809c8 15
Message: a09c4 15
Message: 80a32 15
Message: a061a 15
Message: b07c6 15
Message: a063a 15
Message: 809c2 15
Message: a0650 15
Message: 2a0612 15
Message: 5111c 275
Message: 5111c 275
Message: 5111c 275
Message: 5111c 275
Message: 5111c 512
Message: 5111c 512
Message: 110322 275
Message: 1101aa 512
Message: 5111c 675
Message: 5111c 15
Message: 1101aa 512
Message: 1101aa 512
Message: 5111c 512
Message: 5111c 15
Message: 5111c 512
Message: 5111c 512
Message: 5111c 512
Message: 5111c 512
Message: 5111c 512
Message: 5111c 512
Message: 5111c 512
Message: 5111c 275
Message: 1101aa 512
Message: 5111c 675
Message: 5111c 15
Message: 1101aa 512
Message: 1101aa 512
Message: 4c0d80 512
Message: 4c0d80 512
Message: 4c0d80 512
Message: 4c0d80 512
Message: 4c0d80 512
Message: 5111c 275
Message: 4c0d80 512
Message: 4c0d80 512
Message: 4c0d80 512
Message: 4c0d80 512
Message: 4c0d80 512
Message: 4c0d80 512
Message: 4c0d80 512
Message: 4c0d80 512
Message: 5111c 275
Message: 4c0d80 512
Message: 4c0d80 512
Message: 4c0d80 512
Message: 4c0d80 512
Message: 4c0d80 512
Message: 4c0d80 512
Message: 4c0d80 512
Message: 4c0d80 512
Message: 5111c 275
Message: 4c0d80 512
Message: 4c0d80 512
Message: 4c0d80 512
Message: 4c0d80 512
Message: 4c0d80 512
Message: 4c0d80 512
Message: 4c0d80 512
Message: 4c0d80 512
Message: 5111c 275
Message: 4c0d80 512
Message: 4c0d80 512
Message: 4c0d80 512
Message: 4c0d80 512
Message: 4c0d80 512
Message: 4c0d80 512
Message: 4c0d80 512
Message: 4c0d80 512
Message: 4c0d80 512
Message: 4c0d80 512
Message: 4c0d80 512
Message: 4c0d80 512
Message: 4c0d80 512
Message: 4c0d80 512
Message: 4c0d80 512
Message: 4c0d80 512
Message: 4c0d80 512
Message: 4c0d80 512
Message: 4c0d80 512
Message: 4c0d80 512
Message: 4c0d80 512
Message: 4c0d80 512
Message: 4c0d80 512
Message: 4c0d80 512
Message: 4c0d80 512
Message: 4c0d80 512
Message: 4c0d80 512
Message: 4c0d80 512
Message: 4c0d80 512
Message: 4c0d80 512
Message: 4c0d80 512
Message: 4c0d80 512
Message: 0 275
Message: 4c0d80 512
Message: 4c0d80 512
Message: 4c0d80 512
Message: 4c0d80 512
Message: 4c0d80 512
Message: 4c0d80 512
Message: 4c0d80 512
Message: 4c0d80 512
Message: 4c0d80 512
Message: 4c0d80 512
Message: 4c0d80 512
Message: 4c0d80 512
Message: 4c0d80 512
Message: 4c0d80 512
Message: 4c0d80 512
Message: 4c0d80 512
Message: 4c0d80 512
Message: 4c0d80 512
Message: 4c0d80 512
Message: 4c0d80 512
Message: 4c0d80 512
Message: 4c0d80 512
Message: 4c0d80 512
Message: 4c0d80 512
Message: 4c0d80 512
Message: 4c0d80 512
Message: 4c0d80 512
Message: 4c0d80 512
Message: 4c0d80 512
Message: 4c0d80 512
Message: 80a2e 512
Message: 80a2e 15
Message: 80a2e 512
Message: 80a2e 512
Message: 80a2e 512
Message: 80a2e 512
Message: 80a2e 512
Message: 80a2e 512
Message: 80a2e 512
Message: 80a2e 512
Message: 80a2e 512
Message: 80a2e 512
Message: 80a2e 512
Message: 80a2e 512
Message: 80a2e 512
Message: 80a2e 512
Message: 80a2e 512
Message: 80a2e 512
Message: 80a2e 512
Message: 80a2e 512
Message: 80a2e 512
Message: 80a2e 512
Message: 80a2e 513
Message: 4c0d80 2031
Message: 5111c 15
Message: 80a2e 15
Message: 80a2e 512
Message: 80a2e 512
Message: 80a2e 512
Message: 80a2e 512
Message: 80a2e 512
Message: 80a2e 512
Message: 80a2e 512
Message: 80a2e 512
Message: 80a2e 512
Message: 80a2e 512
Message: 80a2e 512
Message: 80a2e 512
Message: 80a2e 512
Message: 0 275
Message: 110322 275
Message: 80a2e 514
Message: 4c0d80 512
Message: 80a2e 675
Message: 80a2e 15
Message: 4c0d80 512
Message: 4c0d80 512
Message: 4c0d80 512
Message: 4c0d80 512
Message: 80a2e 512
Message: 80a2e 15
Message: 80a2e 512
Message: 80a2e 512
Message: 4c0d80 512
Message: 80a2e 675
Message: 80a2e 15
Message: 4c0d80 512
Message: 1101aa 160
Message: 1101aa 674
Message: 80a2e 280
Message: 0 275
Message: 80a2e 15
Message: 4c0d80 2031
Message: 0 275
Message: 110322 275
Message: 0 275
Message: 0 275
Message: 4c0d80 512
Message: 4c0d80 512
Message: 1f09e4 512
Message: 1f09e4 15
Message: 1f09e4 512
Message: 1f09e4 512
Message: 1f09e4 512
Message: 1f09e4 512
Message: 1f09e4 512
Message: 1f09e4 512
Message: 1f09e4 512
Message: 1f09e4 275
Message: 1f09e4 512
Message: 4c0d80 512
Message: 1f09e4 675
Message: 1f09e4 15
Message: 4c0d80 512
Message: 4c0d80 512
Message: 4c0d80 512
Message: 4c0d80 512
Message: 4c0d80 512
Message: 4c0d80 512
Message: 1f09e4 275
Message: 4c0d80 512
Message: 4c0d80 512
Message: 4c0d80 512
Message: 4c0d80 512
Message: 4c0d80 512
Message: 4c0d80 512
Message: 4c0d80 512
Message: 4c0d80 512
Message: 1f09e4 275
Message: 4c0d80 512
Message: 4c0d80 512
Message: 4c0d80 512
Message: 4c0d80 512
Message: 4c0d80 512
Message: 4c0d80 512
Message: 4c0d80 512
Message: 4c0d80 512
Message: 1f09e4 275
Message: 4c0d80 512
Message: 4c0d80 512
Message: 4c0d80 512
Message: 4c0d80 512
Message: 4c=
