Message: 11087c 2025
Message: 11092a 2025
Message: 11092a 2026
Message: 11092a 2029
Message: c083a 2025
Message: c083a 2026
Message: c083a 2029
Message: b0874 2025
Message: b0874 2026
Message: b0874 2029
Message: a0844 2025
Message: a0844 2026
Message: a0844 2029
Message: c0922 2025
Message: c0922 2026
Message: c0922 2029
Message: 2808cc 2025
Message: 2808cc 2026
Message: 2808cc 2029
Message: 1908f2 2025
Message: 1908f2 2026
Message: 1908f2 2029
Message: 40964 2025
Message: 40964 2026
Message: 40964 2029
Message: 409bc 2025
Message: 409bc 2026
Message: 409bc 2029
Message: 409be 2025
Message: 409be 2026
Message: 409be 2029
Message: 40a9a 2025
Message: 40a9a 2026
Message: 40a9a 2029
Message: 40a9c 2025
Message: 40a9c 2026
Message: 40a9c 2029
Message: 40a70 2025
Message: 40a70 2026
Message: 40a70 2029
Message: 40a56 2025
Message: 40a56 2026
Message: 40a56 2029
Message: 409f0 2025
Message: 409f0 2026
Message: 409f0 2029
Message: 40a3a 2025
Message: 40a3a 2026
Message: 40a3a 2029
Message: 4098a 2025
Message: 4098a 2026
Message: 4098a 2029
Message: 40a42 2025
Message: 40a42 2026
Message: 40a42 2029
Message: 40a20 2025
Message: 40a20 2026
Message: 40a20 2029
Message: 50b82 2025
Message: 50b82 2026
Message: 50b82 2029
Message: 40b14 2025
Message: 40b14 2026
Message: 40b14 2029
Message: 110bd0 2025
Message: 110bd0 2026
Message: 110bd0 2029
Message: 40ae8 2025
Message: 40ae8 2026
Message: 40ae8 2029
Message: 1c0ba2 2025
Message: 1c0ba2 2026
Message: 1c0ba2 2029
Message: 180bd4 2025
Message: 180bd4 2029
Message: 180bd4 2026
Message: 100be4 2025
Message: 1a0c80 2025
Message: 1a0c80 2029
Message: 1a0c80 2026
Message: 160cba 2025
Message: 160cba 2029
Message: 160cba 2026
Message: 210c3c 2025
Message: 100c9e 2025
Message: 100c9e 2026
Message: 100c9e 2029
Message: 2f0c5c 2025
Message: 2f0c5c 2026
Message: 2f0c5c 2029
Message: 100cae 2025
Message: 100cae 2026
Message: 100cae 2029
Message: 11087c 2029
Message: 11087c 2026
Message: 0 49445
Message: 11087c 2027
Message: 0 49445
Message: 11087c 2026
Message: 11087c 2029
Message: f093a 49451
Message: 240916 5
Message: 40966 5
Message: 40a0a 5
Message: 40998 5
Message: 4099e 5
Message: 409ea 5
Message: 40a72 5
Message: 40a78 5
Message: 40a84 5
Message: 4098e 5
Message: 40a46 5
Message: 40ab0 5
Message: 80b4e 5
Message: 40b18 5
Message: 80b4c 5
Message: e0cf2 5
Message: 100cb2 5
Message: 190cca 5
Message: 1a0c64 5
Message: d0ce6 5
Message: e0d2e 5
Message: 2e0c72 5
Message: 2e0c78 5
Message: 100d00 5
Message: 35088e 2036
Message: c081a 512
Message: f093a 49450
Message: 11087c 15
Message: 11092a 15
Message: f093a 49450
Message: f0810 15
Message: 1a094e 15
Message: f093a 49453
Message: f093a 49450
Message: a086a 15
Message: f093a 49453
Message: f093a 49450
Message: 110930 15
Message: f093a 49453
Message: f093a 49450
Message: d0800 15
Message: f093a 49450
Message: a086e 15
Message: f093a 49450
Message: a0870 15
Message: b0856 15
Message: a086c 15
Message: d0804 15
Message: c081a 15
Message: 14092e 15
Message: c081a 512
Message: b0874 15
Message: b0824 15
Message: c083a 15
Message: c081a 675
Message: c081a 15
Message: f0836 275
Message: f093a 49450
Message: f093a 49450
Message: f093a 49450
Message: f093a 49450
Message: 11087c 160
Message: 11087c 160
Message: 11087c 160
Message: 11087c 160
Message: 11087c 160
Message: 11087c 160
Message: 11087c 160
Message: 11087c 160
Message: 11087c 160
Message: 11087c 160
Message: 11087c 160
Message: 11087c 160
Message: 11087c 161
Message: 11087c 273
Message: 14092e 512
Message: 14092e 15
Message: a0c04 2025
Message: a0c04 2026
Message: a0c04 2029
Message: 140c8a 2025
Message: 140c8a 2026
Message: 140c8a 2029
Message: 150c8a 2025
Message: 150c8a 2026
Message: 150c8a 2029
Message: 160c8a 2025
Message: 160c8a 2026
Message: 160c8a 2029
Message: 170c8a 2025
Message: 170c8a 2026
Message: 170c8a 2029
Message: 1d0c4e 2025
Message: 1d0c4e 2026
Message: 1d0c4e 2029
Message: 0 49445
Message: 35088e 2036
Message: 130d3a 5
Message: 160c16 5
Message: c081a 512
Message: c081a 514
Message: c081a 512
Message: 11087c 15
Message: 11092a 15
Message: c081a 15
Message: 14092e 15
Message: b0874 15
Message: b0824 15
Message: c083a 15
Message: c081a 512
Message: f0836 275
Message: c081a 512
Message: c081a 512
Message: c081a 512
Message: c081a 512
Message: c081a 512
Message: c081a 512
Message: c081a 512
Message: c081a 512
Message: 11087c 512
Message: c081a 675
Message: c081a 15
Message: 11087c 512
Message: 11087c 512
Message: 11087c 512
Message: d0804 512
Message: d0804 15
Message: d0804 512
Message: d0804 512
Message: d0804 512
Message: d0804 512
Message: d0804 512
Message: 11087c 512
Message: d0804 675
Message: d0804 15
Message: a086c 512
Message: a086c 15
Message: a086c 512
Message: a086c 512
Message: a086c 512
Message: 11087c 512
Message: a086c 675
Message: a086c 15
Message: b0856 512
Message: b0856 15
Message: b0856 512
Message: b0856 512
Message: b0856 512
Message: 11087c 512
Message: b0856 675
Message: b0856 15
Message: a0870 512
Message: a0870 15
Message: a0870 512
Message: a0870 512
Message: a0870 512
Message: 11087c 512
Message: a0870 675
Message: a0870 15
Message: 11087c 512
Message: a086e 512
Message: a086e 15
Message: a086e 512
Message: a086e 512
Message: a086e 512
Message: 11087c 512
Message: a086e 675
Message: a086e 15
Message: d0800 512
Message: d0800 15
Message: d0800 512
Message: d0800 512
Message: d0800 512
Message: 11087c 512
Message: d0800 675
Message: d0800 15
Message: 110930 512
Message: 110930 15
Message: 110930 512
Message: 110930 512
Message: 110930 512
Message: 110930 512
Message: 11087c 512
Message: 110930 675
Message: 110930 15
Message: a086a 512
Message: a086a 15
Message: a086a 512
Message: a086a 512
Message: a086a 512
Message: a086a 512
Message: 11087c 512
Message: a086a 675
Message: a086a 15
Message: 1a094e 512
Message: 1a094e 15
Message: 1a094e 512
Message: 1a094e 512
Message: 1a094e 512
Message: 1a094e 512
Message: 1a094e 512
Message: 11087c 512
Message: 1a094e 675
Message: 1a094e 15
Message: f0810 512
Message: f0810 15
Message: f0810 512
Message: f0810 512
Message: f0810 512
Message: f0810 512
Message: f0810 512
Message: 11087c 512
Message: f0810 675
Message: f0810 15
Message: 11087c 512
Message: 11087c 512
Message: 11087c 512
Message: 11087c 512
Message: 11087c 512
Message: 11087c 512
Message: 11087c 512
Message: 11087c 512
Message: 11087c 512
Message: 11087c 512
Message: 11087c 512
Message: 11087c 512
Message: 11087c 512
Message: 11087c 512
Message: 11087c 512
Message: 11087c 512
Message: 11087c 512
Message: 11087c 512
Message: 11087c 512
Message: 11087c 512
Message: 11087c 512
Message: 11087c 512
Message: 11087c 512
Message: 11087c 512
Message: 11087c 512
Message: 11087c 512
Message: 11087c 512
Message: 11087c 512
Message: 11087c 512
Message: 11087c 512
Message: 11087c 512
Message: 11087c 512
Message: 11087c 512
Message: 11087c 512
Message: 11087c 512
Message: 11087c 512
Message: f0810 512
Message: f0810 15
Message: f0810 512
Message: f0810 512
Message: f0810 512
Message: f0810 512
Message: f0810 512
Message: f0810 513
Message: 0 49445
Message: f093a 49456
Message: f0810 15
Message: f093a 49450
Message: f093a 49450
Message: f093a 49450
Message: f0810 514
Message: 11087c 2031
Message: 0 49445
Message: f093a 49456
Message: f0810 512
Message: f0810 15
Message: 0 49445
Message: f093a 49456
Message: f0810 512
Message: 11087c 15
Message: 11092a 15
Message: f0810 15
Message: 40a56 15
Message: 40a9e 15
Message: 40aa0 15
Message: 40aa2 15
Message: 40aa6 15
Message: f093a 49450
Message: f093a 49450
Message: f093a 49450
Message: f0836 275
Message: f0810 512
Message: f0810 512
Message: f0810 512
Message: f0810 512
Message: f0810 512
Message: f0810 512
Message: f0810 512
Message: f0810 512
Message: 11087c 512
Message: f0810 675
Message: f0810 15
Message: 11087c 512
Message: 11087c 512
Message: 1a094e 512
Message: 1a094e 15
Message: 1a094e 512
Message: 1a094e 512
Message: 1a094e 512
Message: 1a094e 512
Message: 1a094e 512
Message: 1a094e 512
Message: 1a094e 512
Message: 1a094e 512
Message: 1a094e 512
Message: 1a094e 512
Message: 1a094e 512
Message: 1a094e 512
Message: 1a094e 512
Message: 11087c 512
Message: 1a094e 675
Message: 1a094e 15
Message: 11087c 512
Message: a086a 512
Message: a086a 15
Message: a086a 512
Message: a086a 512
Message: a086a 512
Message: a086a 512
Message: a086a 512
Message: a086a 512
Message: a086a 512
Message: a086a 512
Message: a086a 512
Message: a086a 512
Message: 11087c 512
Message: a086a 675
Message: a086a 15
Message: 11087c 512
Message: 11087c 512
Message: 11087c 512
Message: 11087c 512
Message: 11087c 512
Message: 11087c 512
Message: 11087c 512
Message: 11087c 512
Message: 11087c 512
Message: 11087c 512
Message: 11087c 512
Message: 11087c 512
Message: 11087c 512
Message: 1a094e 512
Message: 1a094e 15
Message: 1a094e 512
Message: 1a094e 512
Message: 1a094e 512
Message: 1a094e 512
Message: 1a094e 512
Message: 1a094e 512
Message: 1a094e 512
Message: 1a094e 512
Message: 1a094e 512
Message: 1a094e 512
Message: 1a094e 513
Message: 0 49445
Message: f093a 49456
Message: f0810 15
Message: 1a094e 15
Message: f093a 49450
Message: f093a 49450
Message: f093a 49450
Message: 1a094e 514
Message: 11087c 2031
Message: 0 49445
Message: f093a 49456
Message: 1a094e 512
Message: 1a094e 15
Message: 0 49445
Message: f093a 49456
Message: 1a094e 512
Message: 11087c 15
Message: 11092a 15
Message: 1a094e 15
Message: 40a70 15
Message: 1d0c4e 15
Message: 120c2a 15
Message: 80c1a 15
Message: 140c42 15
Message: 2c0c60 15
Message: 270c48 15
Message: 80c1e 15
Message: d0cec 15
Message: e0d48 15
Message: 110c5e 15
Message: 180c10 15
Message: c0cda 15
Message: 150c2e 15
Message: 1d0c52 15
Message: 40a54 15
Message: 40a52 15
Message: 40a5e 15
Message: f093a 49450
Message: f093a 49450
Message: f093a 49450
Message: 1a094e 512
Message: f0836 275
Message: 1a094e 512
Message: 1a094e 512
Message: 1a094e 512
Message: 1a094e 512
Message: 1a094e 512
Message: 1a094e 512
Message: 1a094e 512
Message: 1a094e 512
Message: 1a094e 512
Message: 1a094e 512
Message: 1a094e 512
Message: 1a094e 512
Message: 1a094e 512
Message: 1a094e 512
Message: 1a094e 512
Message: 1a094e 512
Message: 1a094e 512
Message: 1a094e 512
Message: 1a094e 512
Message: 1a094e 512
Message: 1a094e 512
Message: 1a094e 512
Message: 1a094e 512
Message: 1a094e 512
Message: 1a094e 512
Message: 1a094e 512
Message: 1a094e 512
Message: 11087c 512
Message: 1a094e 675
Message: 1a094e 15
Message: 11087c 512
Message: 11087c 512
Message: 11087c 512
Message: 11087c 513
Message: 0 49445
Message: f093a 49456
Message: 1a094e 15
Message: f093a 49450
Message: f093a 49450
Message: f093a 49450
Message: 11087c 514
Message: 11087c 512
Message: 11087c 512
Message: a086a 512
Message: a086a 15
Message: a086a 512
Message: a086a 512
Message: a086a 512
Message: f0836 275
Message: a086a 512
Message: a086a 512
Message: a086a 512
Message: a086a 512
Message: a086a 513
Message: 0 49445
Message: f093a 49456
Message: a086a 15
Message: f093a 49450
Message: f093a 49450
Message: f093a 49450
Message: a086a 514
Message: 11087c 2031
Message: 0 49445
Message: f093a 49456
Message: a086a 512
Message: a086a 15
Message: 0 49445
Message: f093a 49456
Message: a086a 512
Message: 11087c 15
Message: 11092a 15
Message: a086a 15
Message: 40a9c 15
Message: 40a7a 15
Message: 40a88 15
Message: 40a90 15
Message: 40a94 15
Message: a086a 512
Message: f093a 49450
Message: f093a 49450
Message: f093a 49450
Message: f0836 275
Message: a086a 512
Message: a086a 512
Message: a086a 512
Message: 11087c 512
Message: a086a 675
Message: a086a 15
Message: 11087c 512
Message: 110930 512
Message: 110930 15
Message: 110930 512
Message: 110930 512
Message: 110930 512
Message: 110930 512
Message: 110930 512
Message: 110930 512
Message: 110930 512
Message: 110930 512
Message: 110930 512
Message: 110930 513
Message: 0 49445
Message: f093a 49456
Message: a086a 15
Message: 110930 15
Message: f093a 49450
Message: f093a 49450
Message: f093a 49450
Message: 110930 514
Message: 11087c 2031
Message: 0 49445
Message: f093a 49456
Message: 110930 512
Message: 110930 15
Message: 0 49445
Message: f093a 49456
Message: 110930 512
Message: 11087c 15
Message: 11092a 15
Message: 110930 15
Message: 110cae 15
Message: a0c04 15
Message: 250c1c 15
Message: 2f0c74 15
Message: 2f0c78 15
Message: 300c5c 15
Message: 150c20 15
Message: f0d30 15
Message: 110cce 15
Message: 90c06 15
Message: 110ca8 15
Message: 110ca6 15
Message: 110ca4 15
Message: 110ca2 15
Message: 1d0c46 15
Message: 1d0cf4 15
Message: 270c7e 15
Message: 280c58 15
Message: 280c5a 15
Message: 280c66 15
Message: 280c54 15
Message: 270c76 15
Message: 280c56 15
Message: 130d3a 15
Message: f093a 49450
Message: f093a 49450
Message: f093a 49450
Message: f0836 275
Message: 110930 512
Message: 110930 512
Message: 110930 512
Message: 110930 512
Message: 110930 512
Message: 110930 512
Message: 110930 512
Message: 110930 512
Message: 110930 512
Message: 11087c 512
Message: 110930 675
Message: 110930 15
Message: 11087c 512
Message: 11087c 512
Message: d0800 512
Message: d0800 15
Message: d0800 512
Message: d0800 512
Message: d0800 512
Message: d0800 512
Message: d0800 512
Message: d0800 512
Message: d0800 512
Message: d0800 512
Message: d0800 512
Message: d0800 512
Message: d0800 513
Message: 0 49445
Message: f093a 49456
Message: 110930 15
Message: d0800 15
Message: f093a 49450
Message: f093a 49450
Message: f093a 49450
Message: d0800 514
Message: 11087c 2031
Message: 0 49445
Message: f093a 49456
Message: d0800 512
Message: d0800 15
Message: 0 49445
Message: f093a 49456
Message: d0800 512
Message: 11087c 15
Message: 11092a 15
Message: d0800 15
Message: 409be 15
Message: 40a98 15
Message: 40a96 15
Message: 40a92 15
Message: 40a8e 15
Message: 40a8c 15
Message: 40a8a 15
Message: 40a82 15
Message: 40a80 15
Message: 40a7e 15
Message: 40a7c 15
Message: 40a76 15
Message: 40a74 15
Message: 40a6e 15
Message: 40a3e 15
Message: 40a58 15
Message: 40a64 15
Message: 40a62 15
Message: 40a60 15
Message: 40a5c 15
Message: 409fe 15
Message: 409fc 15
Message: 409fa 15
Message: 409c2 15
Message: 409c0 15
Message: 409ee 15
Message: f093a 49450
Message: f093a 49450
Message: f093a 49450
Message: d0800 512
Message: d0800 512
Message: d0800 512
Message: d0800 512
Message: d0800 512
Message: 11087c 512
Message: d0800 675
Message: d0800 15
Message: 11087c 512
Message: 110930 512
Message: 110930 15
Message: 110930 512
Message: 110930 512
Message: 110930 512
Message: 11087c 512
Message: 110930 675
Message: 110930 15
Message: a086a 512
Message: a086a 15
Message: a086a 512
Message: a086a 512
Message: a086a 512
Message: a086a 512
Message: 11087c 512
Message: a086a 675
Message: a086a 15
Message: 1a094e 512
Message: 1a094e 15
Message: 1a094e 512
Message: 1a094e 512
Message: 1a094e 512
Message: f0810 512
Message: 1a094e 675
Message: f0810 15
Message: 1a094e 15
Message: f0810 512
Message: f0836 275
Message: f0810 512
Message: f0810 512
Message: f0810 512
Message: f0810 512
Message: f0810 512
Message: f0810 512
Message: f0810 512
Message: f0810 512
Message: f0810 512
Message: f0810 512
Message: f0810 512
Message: f0810 512
Message: f0810 512
Message: f0810 512
Message: f0810 512
Message: f0810 512
Message: f0810 512
Message: f0810 512
Message: f0810 512
Message: f0810 512
Message: f0810 512
Message: f0810 512
Message: f0810 512
Message: f0810 512
Message: f0810 512
Message: f0810 512
Message: f0810 512
Message: f0810 512
Message: f0810 512
Message: f0810 512
Message: f0810 512
Message: f0810 513
Message: 0 49445
Message: f093a 49456
Message: f0810 15
Message: d0800 15
Message: f093a 49450
Message: f093a 49450
Message: f093a 49450
Message: f0836 275
Message: f0810 514
Message: 11087c 2031
Message: 0 49445
Message: f093a 49456
Message: f0810 512
Message: f0810 15
Message: 0 49445
Message: f093a 49456
Message: f0810 512
Message: 11087c 15
Message: 11092a 15
Message: f0810 15
Message: 40a56 15
Message: 40a9e 15
Message: 40aa0 15
Message: 40aa2 15
Message: 40aa6 15
Message: f093a 49450
Message: f093a 49450
Message: f093a 49450
Message: f0836 275
Message: f0810 512
Message: f0810 512
Message: f0810 512
Message: f0810 512
Message: f0810 512
Message: f0810 512
Message: f0810 512
Message: f0810 512
Message: f0810 512
Message: f0810 512
Message: f0810 512
Message: f0810 512
Message: 1a094e 512
Message: f0810 675
Message: f0810 15
Message: 1a094e 15
Message: 1a094e 512
Message: 11087c 512
Message: 1a094e 675
Message: 1a094e 15
Message: 11087c 512
Message: 40a56 512
Message: 40a56 512
Message: 40a56 512
Message: 40a56 512
Message: 40a56 512
Message: 40a56 512
Message: 40a56 512
Message: 40a56 512
Message: 40a56 512
Message: 40a56 512
Message: 40a56 512
Message: 40a56 512
Message: 40a56 512
Message: 40a56 512
Message: 40a56 512
Message: 40a56 512
Message: 40aa2 512
Message: 40aa2 15
Message: 40aa2 512
Message: 40aa2 512
Message: 40aa2 512
Message: 40aa2 512
Message: 40a56 512
Message: 40aa2 675
Message: 40aa2 15
Message: 40a56 512
Message: 40a56 512
Message: 40a56 512
Message: 40a56 512
Message: 40a56 512
Message: 40a56 512
Message: 40a56 512
Message: 40a56 512
Message: 40a56 512
Message: 40a56 512
Message: 40a56 512
Message: 40a56 512
Message: 40a56 512
Message: 40a56 512
Message: 40a56 512
Message: 40a56 512
Message: 40a56 512
Message: 40a56 512
Message: 40a56 512
Message: 40a56 512
Message: 40a56 512
Message: 40a56 512
Message: 40a56 512
Message: 40a56 512
Message: 40a56 512
Message: 40aa2 512
Message: 40aa2 15
Message: 40aa2 512
Message: 40aa2 512
Message: 40aa2 513
Message: 0 49445
Message: f093a 49456
Message: f0810 15
Message: 40aa2 15
Message: f093a 49450
Message: f093a 49450
Message: f093a 49450
Message: 40aa2 514
Message: 40a56 2031
Message: 40aa2 512
Message: 11092a 15
Message: 40aa2 15
Message: 110bd0 15
Message: 40ae6 15
Message: 40af0 15
Message: 40ae4 15
Message: 40afe 15
Message: 40b00 15
Message: 40b02 15
Message: 40afc 15
Message: f0be0 15
Message: e0b9e 15
Message: 40ae2 15
Message: 40ae0 15
Message: 40ade 15
Message: 40adc 15
Message: 40ada 15
Message: 40ad8 15
Message: 40ad6 15
Message: 40ad4 15
Message: 40ad2 15
Message: 40ace 15
Message: 40acc 15
Message: 40aca 15
Message: 40ac8 15
Message: 40ac6 15
Message: 40ac4 15
Message: 40ac2 15
Message: 40ac0 15
Message: 40abe 15
Message: 40abc 15
Message: 40aba 15
Message: 40ad0 15
Message: 40ab8 15
Message: 40ab6 15
Message: 40ab4 15
Message: 50b60 15
Message: 50b5e 15
Message: 50b5c 15
Message: 110bd2 15
Message: f0836 275
Message: 40aa2 512
Message: 40aa2 512
Message: 40aa2 512
Message: 40aa2 512
Message: 40aa2 512
Message: 40aa2 512
Message: 40aa2 512
Message: 40a56 512
Message: 40aa2 675
Message: 40aa2 15
Message: 40a56 512
Message: 40a56 512
Message: 40a56 512
Message: 40a56 512
Message: 40a56 512
Message: 40a56 512
Message: 40a56 512
Message: 40a56 512
Message: 40a56 512
Message: 40a56 512
Message: 40a56 512
Message: 40a56 512
Message: 40a56 512
Message: 110bd0 512
Message: 110bd0 512
Message: 110bd0 512
Message: 110bd0 512
Message: 110bd0 512
Message: 110bd0 512
Message: 110bd0 512
Message: 110bd0 512
Message: 110bd0 512
Message: 110bd0 512
Message: 110bd0 512
Message: 110bd0 512
Message: 110bd0 512
Message: 110bd0 512
Message: 110bd0 512
Message: 110bd0 512
Message: 110bd0 512
Message: 110bd0 512
Message: 110bd0 512
Message: 110bd0 512
Message: 110bd0 512
Message: 110bd0 512
Message: 110bd0 512
Message: 110bd0 512
Message: 110bd0 512
Message: 110bd0 512
Message: 110bd0 512
Message: 110bd0 512
Message: 110bd0 512
Message: 110bd0 512
Message: 110bd0 512
Message: 40ac2 512
Message: 40ac2 512
Message: 40ac2 512
Message: 40ac2 512
Message: 40ac2 512
Message: 110bd0 512
Message: 40ac2 675
Message: 110bd0 512
Message: 110bd0 512
Message: 40ac6 512
Message: 40ac6 512
Message: 40ac6 512
Message: 40ac6 512
Message: 40ac6 512
Message: 40ac6 512
Message: 40ac6 512
Message: 40ac6 512
Message: 110bd0 512
Message: 40ac6 675
Message: 110bd0 512
Message: 110bd0 512
Message: 110bd0 512
Message: 110bd0 512
Message: 110bd0 512
Message: 110bd0 512
Message: 110bd0 512
Message: 110bd0 512
Message: 110bd0 512
Message: 110bd0 512
Message: 110bd0 512
Message: 110bd0 512
Message: 110bd0 512
Message: 110bd0 512
Message: 110bd0 512
Message: 110bd0 512
Message: 110bd0 512
Message: 110bd0 512
Message: 110bd0 512
Message: 110bd0 512
Message: 110bd0 512
Message: 110bd0 512
Message: 110bd0 512
Message: 110bd0 512
Message: 110bd0 512
Message: 110bd0 512
Message: 110bd0 512
Message: 110bd0 512
Message: 110bd0 512
Message: 110bd0 512
Message: 110bd0 512
Message: 110bd0 512
Message: 40af0 512
Message: 40af0 15
Message: 40af0 512
Message: 40af0 512
Message: 40af0 512
Message: 40af0 512
Message: 40af0 512
Message: 40af0 512
Message: 110bd0 512
Message: 40af0 675
Message: 40af0 15
Message: 110bd0 512
Message: 110bd0 512
Message: 110bd0 512
Message: 110bd0 512
Message: 110bd0 512
Message: 110bd0 512
Message: 110bd0 512
Message: 110bd0 512
Message: 110bd0 512
Message: 40af0 512
Message: 40af0 15
Message: 40af0 512
Message: 40af0 512
Message: 40af0 512
Message: 40af0 512
Message: 40af0 512
Message: 40af0 512
Message: 40af0 512
Message: 40af0 512
Message: 40af0 512
Message: 40af0 512
Message: 40af0 512
Message: 40af0 512
Message: 40af0 512
Message: 40af0 512
Message: 40af0 512
Message: 40af0 512
Message: 110bd0 512
Message: 40af0 675
Message: 40af0 15
Message: 110bd0 512
Message: 110bd0 512
Message: 110bd0 512
Message: 110bd0 512
Message: 110bd0 512
Message: 110bd0 512
Message: 110bd0 512
Message: 110bd0 512
Message: 110bd0 512
Message: 110bd0 512
Message: 110bd0 512
Message: 110bd0 512
Message: 110bd0 512
Message: 110bd0 512
Message: 40af0 512
Message: 40af0 15
Message: 40af0 512
Message: 40af0 512
Message: 40af0 512
Message: 110bd0 512
Message: 40af0 675
Message: 40af0 15
Message: 110bd0 512
Message: 110bd0 512
Message: 110bd0 512
Message: 110bd0 512
Message: 110bd0 512
Message: 110bd0 512
Message: 110bd0 512
Message: 110bd0 512
Message: 110bd0 512
Message: 110bd0 512
Message: 110bd0 512
Message: 110bd0 512
Message: 110bd0 512
Message: 110bd0 512
Message: 110bd0 512
Message: 110bd0 512
Message: 110bd0 512
Message: 110bd0 512
Message: 110bd0 512
Message: 40b02 512
Message: 40b02 15
Message: 40b02 512
Message: 40b02 512
Message: 40b02 512
Message: 40b02 512
Message: 40b02 512
Message: 40b02 512
Message: 110bd0 512
Message: 40b02 675
Message: 40b02 15
Message: 110bd0 512
Message: 110bd0 512
Message: 110bd0 512
Message: 110bd0 512
Message: 110bd0 512
Message: 110bd0 512
Message: 110bd0 512
Message: 110bd0 512
Message: 110bd0 512
Message: 110bd0 512
Message: 110bd0 512
Message: 110bd0 512
Message: 110bd0 512
Message: 110bd0 512
Message: 110bd0 512
Message: 110bd0 512
Message: 110bd0 512
Message: 110bd0 512
Message: 110bd0 512
Message: 110bd0 512
Message: 40ae0 512
Message: 40ae0 512
Message: 40ae0 512
Message: 40ae0 512
Message: 40ae0 512
Message: 40ae0 512
Message: 40ae0 512
Message: 40ae0 512
Message: 40ae0 512
Message: 40ae0 512
Message: 40ae0 512
Message: 40ae0 512
Message: 40ae0 512
Message: 40ae0 512
Message: 40ae0 512
Message: 40ae0 512
Message: 40ae0 512
Message: 40ae0 512
Message: 40ae0 512
Message: 40ae0 512
Message: 40ae0 512
Message: 40ae0 512
Message: 40ae0 512
Message: 40ae0 512
Message: 40ae0 512
Message: 40ae0 512
Message: 40ae0 512
Message: 110bd0 512
Message: 40ae0 675
Message: 110bd0 512
Message: 110bd0 512
Message: 110bd0 512
Message: 110bd0 512
Message: 110bd0 512
Message: 110bd0 512
Message: 110bd0 512
Message: 110bd0 512
Message: 110bd0 512
Message: 110bd0 512
Message: 110bd0 512
Message: 110bd0 512
Message: 110bd0 512
Message: 110bd0 512
Message: 110bd0 512
Message: 110bd0 512
Message: 110bd0 512
Message: 110bd0 512
Message: 110bd0 512
Message: 110bd0 512
Message: 110bd0 512
Message: 110bd0 512
Message: 110bd0 512
Message: 110bd0 512
Message: 110bd0 512
Message: 110bd0 512
Message: 110bd0 512
Message: 110bd0 512
Message: 110bd0 512
Message: 110bd0 512
Message: 110bd0 512
Message: 110bd0 512
Message: 110bd0 512
Message: 110bd0 512
Message: 110bd0 512
Message: 110bd0 512
Message: 110bd0 512
Message: 110bd0 512
Message: 110bd0 512
Message: 110bd0 512
Message: 110bd0 512
Message: 110bd0 512
Message: 110bd0 512
Message: 110bd0 512
Message: 40ac6 512
Message: 40ac6 512
Message: 40ac6 512
Message: 40ac6 512
Message: 110bd0 512
Message: 40ac6 675
Message: 40ac2 512
Message: 40ac2 512
Message: 40ac2 512
Message: 40ac2 512
Message: 110bd0 512
Message: 40ac2 675
Message: 110bd0 512
Message: 40abe 512
Message: 40abe 512
Message: 40abe 512
Message: 40abe 512
Message: 110bd0 512
Message: 40abe 675
Message: 110bd0 512
Message: 110bd0 512
Message: 110bd0 512
Message: 110bd0 512
Message: 110bd0 512
Message: 110bd0 512
Message: 110bd0 512
Message: 110bd0 512
Message: 110bd0 512
Message: 110bd0 512
Message: 110bd0 512
Message: 110bd0 512
Message: 110bd0 512
Message: 110bd0 512
Message: 110bd0 512
Message: 110bd0 512
Message: 40abe 512
Message: 40abe 512
Message: 40abe 512
Message: 40abe 512
Message: 40abe 512
Message: 40abe 512
Message: 40abe 512
Message: 40abe 512
Message: 40abe 512
Message: 40abe 512
Message: 40abe 512
Message: 40abe 512
Message: 40abe 512
Message: 40abe 512
Message: 40abe 513
Message: 0 49445
Message: f093a 49456
Message: 110bd0 2031
Message: 40aa2 15
Message: 40abe 15
Message: f093a 49450
Message: f093a 49450
Message: f093a 49450
Message: 40abe 512
Message: 40abe 512
Message: 40abe 512
Message: f0836 275
Message: 40abe 512
Message: 40abe 512
Message: 40abe 512
Message: 40abe 514
Message: 40abe 512
Message: 40abe 512
Message: 40abe 512
Message: 40abe 512
Message: 40abe 512
Message: 40abe 512
Message: 40abe 512
Message: 40abe 280
Message: 40abe 512
Message: 40abe 512
Message: 40abe 512
Message: 110bd0 512
Message: 40abe 675
Message: 110bd0 512
Message: 110bd0 512
Message: 110bd0 512
Message: 110bd0 512
Message: 110bd0 512
Message: 110bd0 512
Message: 40ac2 512
Message: 40ac2 512
Message: 40ac2 512
Message: 40ac2 512
Message: 40ac2 512
Message: 40ac2 512
Message: 40ac2 512
Message: 40ac2 512
Message: 40ac2 512
Message: 40ac2 512
Message: 40ac2 512
Message: 40ac2 512
Message: 40ac2 512
Message: 40ac2 512
Message: 40ac2 512
Message: 40ac2 512
Message: 40ac2 512
Message: 40ac2 512
Message: 110bd0 512
Message: 40ac2 675
Message: 110bd0 512
Message: 110bd0 512
Message: 110bd0 512
Message: 110bd0 512
Message: 110bd0 512
Message: 110bd0 512
Message: 110bd0 512
Message: 110bd0 512
Message: 110bd0 512
Message: 110bd0 512
Message: 110bd0 512
Message: 110bd0 512
Message: 40ac6 512
Message: 40ac6 512
Message: 40ac6 512
Message: 40ac6 512
Message: 40ac6 512
Message: 40ac6 512
Message: 40ac6 512
Message: 40ac6 512
Message: 40ac6 512
Message: 40ac6 512
Message: 40ac6 512
Message: 40ac6 512
Message: 40ac6 512
Message: 40abe 280
Message: 40ac6 512
Message: 40ac6 512
Message: 40ac6 512
Message: 40ac6 512
Message: 40ac6 512
Message: 40ac6 512
Message: 40ac6 512
Message: 40ac6 512
Message: 40ac6 512
Message: 40ac6 512
Message: 40ac6 512
Message: 40ac6 512
Message: 40ac6 512
Message: 40ac6 512
Message: 40ac6 512
Message: 40ac6 512
Message: 40ac6 512
Message: 40ac6 512
Message: 40ac6 512
Message: 40ac6 512
Message: 40abe 280
Message: 40ac6 512
Message: 40ac6 512
Message: 40ac6 512
Message: 110bd0 512
Message: 40ac6 675
Message: 110bd0 512
Message: 110bd0 512
Message: 110bd0 512
Message: 40abe 280
Message: 110bd0 512
Message: 110bd0 512
Message: 110bd0 512
Message: 110bd0 512
Message: 110bd0 512
Message: 110bd0 512
Message: 110bd0 512
Message: 110bd0 512
Message: 110bd0 512
Message: 110bd0 512
Message: 110bd0 512
Message: 110bd0 512
Message: 110bd0 512
Message: 110bd0 512
Message: 110bd0 512
Message: 40abe 280
Message: 40ac6 512
Message: 40ac6 512
Message: 40ac6 512
Message: 40ac6 512
Message: 40ac6 512
Message: 40ac6 512
Message: 40abe 280
Message: 40ac6 512
Message: 40ac6 512
Message: 40ac6 512
Message: 40ac6 512
Message: 40ac6 512
Message: 40ac6 512
Message: 40ac6 512
Message: 40ac6 512
Message: 40ac6 512
Message: 40ac6 512
Message: 40ac6 512
Message: 40ac6 512
Message: 40ac6 512
Message: 40ac6 512
Message: 40ac6 512
Message: 40abe 280
Message: 110bd0 512
Message: 40ac6 675
Message: 110bd0 512
Message: 110bd0 512
Message: 40abe 256
Message: 40abe 258
Message: 110bd0 2031
Message: 40abe 257
Message: 110bd0 512
Message: 110bd0 512
Message: 110bd0 512
Message: 110bd0 512
Message: 110bd0 512
Message: 110bd0 512
Message: 110bd0 512
Message: 110bd0 512
Message: 110bd0 512
Message: 40abe 280
Message: 40abe 256
Message: 40abe 256
Message: 40abe 258
Message: 40ac2 512
Message: 40ac2 512
Message: 40ac2 512
Message: 40ac2 512
Message: 40ac2 512
Message: 40ac2 512
Message: 40ac2 512
Message: 40ac2 512
Message: 40ac2 512
Message: 40abe 257
Message: 40ac2 512
Message: 40ac2 512
Message: 40ac2 512
Message: 40ac2 512
Message: 40abe 257
Message: 40ac2 512
Message: 110bd0 512
Message: 40ac2 675
Message: 110bd0 512
Message: 110bd0 512
Message: 110bd0 512
Message: 40abe 512
Message: 40abe 512
Message: 40abe 512
Message: 40abe 512
Message: 40abe 512
Message: 40abe 512
Message: 110bd0 512
Message: 40abe 675
Message: 110bd0 512
Message: 110bd0 512
Message: 110bd0 512
Message: 110bd0 512
Message: 110bd0 512
Message: 110bd0 512
Message: 110bd0 512
Message: 110bd0 512
Message: 110bd0 512
Message: 110bd0 512
Message: 110bd0 512
Message: 110bd0 512
Message: 110bd0 512
Message: 110bd0 512
Message: 110bd0 512
Message: 110bd0 512
Message: 110bd0 512
Message: 40a56 512
Message: 40abe 280
Message: 40a56 512
Message: 40a56 512
Message: 40a56 512
Message: 11087c 160
Message: 11087c 674
Message: 11087c 160
Message: 40abe 280
Message: 11087c 160
Message: 11087c 160
Message: 11087c 160
Message: 11087c 160
Message: 11087c 160
Message: 11087c 160
Message: 11087c 160
Message: 11087c 160
Message: 11087c 160
Message: 11087c 160
Message: 11087c 160
Message: 11087c 160
Message: 11087c 160
Message: 11087c 160
Message: 11087c 160
Message: 11087c 160
Message: 11087c 160
Message: 11087c 160
Message: 11087c 160
Message: 11087c 160
Message: 11087c 160
Message: 11087c 160
Message: 11087c 160
Message: 11087c 160
Message: 11087c 160
Message: 11087c 674
Message: 11087c 160
Message: 11087c 160
Message: 11087c 160
Message: 11087c 160
Message: 11087c 160
Message: 40abe 280
Message: 11087c 160
Message: 11087c 160
Message: 11087c 160
Message: 11087c 160
Message: 11087c 160
Message: 11087c 160
Message: 11087c 160
Message: 11087c 160
Message: 11087c 160
Message: 11087c 160
Message: 11087c 160
Message: 11087c 160
Message: 11087c 160
Message: 11087c 160
Message: 11087c 160
Message: 11087c 160
Message: 11087c 160
Message: 11087c 160
Message: 11087c 160
Message: 11087c 160
Message: 11087c 160
Message: 11087c 160
Message: 11087c 160
Message: 11087c 160
Message: 11087c 160
Message: 11087c 160
Message: 11087c 160
Message: 11087c 160
Message: 11087c 160
Message: 11087c 160
Message: 11087c 160
Message: 11087c 160
Message: 11087c 160
Message: 11087c 160
Message: 11087c 160
Message: 40abe 280
Message: 11087c 160
Message: 11087c 160
Message: 11087c 160
Message: 11087c 160
Message: 11087c 160
Message: 11087c 160
Message: 11087c 160
Message: 11087c 160
Message: 11087c 160
Message: 11087c 160
Message: 11087c 160
Message: 11087c 160
Message: 11087c 160
Message: 11087c 160
Message: 11087c 160
Message: 11087c 160
Message: 11087c 160
Message: 11087c 160
Message: 11087c 160
Message: 11087c 160
Message: 11087c 160
Message: 11087c 160
Message: 11087c 160
Message: 11087c 160
Message: 11087c 160
Message: 11087c 160
Message: 11087c 160
Message: 11087c 160
Message: 11087c 160
Message: 11087c 160
Message: 11087c 160
Message: 11087c 160
Message: 11087c 160
Message: 11087c 160
Message: 11087c 160
Message: 11087c 160
Message: 11087c 160
Message: 11087c 160
Message: 11087c 160
Message: 11087c 160
Message: 11087c 161
Message: 11087c 273
Message: 0 49445
Message: 110bd0 2031
Message: 11087c 512
Message: 11092a 15
Message: 40abe 15
Message: 0 49445
Message: 110bd0 2031
Message: 40abe 15
Message: 11087c 512
Message: 11087c 512
Message: 14092e 512
Message: 14092e 15
Message: 14092e 512
Message: 14092e 512
Message: 14092e 512
Message: 14092e 512
Message: 14092e 512
Message: 11087c 512
Message: 14092e 675
Message: 14092e 15
Message: 11087c 512
Message: 11087c 512
Message: 11087c 512
Message: 11087c 512
Message: 11087c 160
Message: 11087c 160
Message: 11087c 160
Message: 11087c 160
Message: f0836 275
Message: 11087c 160
Message: 11087c 160
Message: 11087c 160
Message: 11087c 160
Message: 11087c 160
Message: 11087c 160
Message: 11087c 160
Message: 11087c 160
Message: 40abe 280
Message: 11087c 160
Message: 11087c 160
Message: 11087c 160
Message: 11087c 160
Message: 11087c 160
Message: 11087c 160
Message: 11087c 160
Message: 11087c 160
Message: 11087c 160
Message: 11087c 160
Message: 11087c 160
Message: 11087c 160
Message: 11087c 160
Message: 11087c 160
Message: 11087c 160
Message: 11087c 160
Message: 11087c 160
Message: 11087c 160
Message: 11087c 160
Message: 11087c 160
Message: 11087c 674
Message: 11087c